<html><head></head><body><article>
  <h2><shabette-sentence class="shabette-sentence-1">The </shabette-sentence><span><shabette-sentence class="shabette-sentence-1">article</shabette-sentence></span><shabette-sentence class="shabette-sentence-1"> title</shabette-sentence></h2>
  <p><shabette-sentence class="shabette-sentence-3">The first sentence. </shabette-sentence><shabette-sentence class="shabette-sentence-4">And second.
</shabette-sentence><shabette-sentence class="shabette-sentence-5"> </shabette-sentence><shabette-sentence class="shabette-sentence-6"> </shabette-sentence><shabette-sentence class="shabette-sentence-7"> </shabette-sentence><shabette-sentence class="shabette-sentence-8"> </shabette-sentence><span><strong><shabette-sentence class="shabette-sentence-8">T</shabette-sentence><code><shabette-sentence class="shabette-sentence-8">hird comes here.</shabette-sentence></code></strong></span>
    </p><div><shabette-sentence class="shabette-sentence-10">Fourth.</shabette-sentence></div>
  <p></p><shabette-sentence class="shabette-sentence-12">
  Fifth.
</shabette-sentence></article>
</body></html>
